ahdlcmicompile: Compiling ahdlcmi in input.ahdlSimDB//d7c6ab7a1179281c4e4fefbccfcda36d.ns_sar_model.ahdlcmi/Linux-64/ for Linux-64 with optimize using gcc on Mon Apr 13 23:06:53 +0530 2026 [5.0]
ahdlcmicompile: Generating makefile
PATH:  /home/aed/cadence/SPECTRE181/bin:/home/aed/cadence/SPECTRE181/tools.lnx86/bin/64bit:/home/aed/cadence/SPECTRE181/tools.lnx86/bin:/home/aed/cadence/IC617/bin:/home/aed/cadence/IC617/tools/bin:/home/aed/cadence/IC617/tools.lnx86/bin/64bit:/home/aed/cadence/IC617/tools.lnx86/bin:/home/aed/cadence/IC617/share/oa/bin:/home/aed/cadence/PVS161/bin:/home/aed/cadence/Incisive152/bin:/home/aed/cadence/Genus181/bin:/home/aed/cadence/Modus181/bin:/home/aed/cadence/Liberate181/bin:/home/aed/cadence/EXT181/bin:/home/aed/cadence/SSV181/bin:/home/aed/cadence/LEC181/bin:/home/aed/cadence/Innovus/bin:/home/aed/cadence/Assura41/bin:/home/aed/cadence/Innovus/bin:/home/user23/miniconda3/bin:/home/user23/miniconda3/condabin:/usr/lib64/qt-3.3/bin:/home/aed/cadence/PVS161/bin:/home/aed/cadence/Incisive152/bin:/home/aed/cadence/Genus181/bin:/home/aed/cadence/Modus181/bin:/home/aed/cadence/Liberate181/bin:/home/aed/cadence/EXT181/bin:/home/aed/cadence/SSV181/bin:/home/aed/cadence/LEC181/bin:/home/aed/cadence/Innovus/bin:/home/aed/cadence/Assura41/bin:/home/aed/cadence/Innovus/bin:/usr/local/bin:/bin:/usr/bin:/usr/local/sbin:/usr/sbin:/home/lab/usr/synopsys/apps/syn/T-2022.03-SP5-1/bin:/home/aed/cadence/Incisive152/tools/bin:/home/lab/usr/synopsys/apps/icc2/icc2/U-2022.12/bin:/home/lab/usr/synopsys/apps/vcs/vcs/S-2021.09-SP2-7/bin:/home/user23/.local/bin:/home/user23/bin:/home/lab/usr/synopsys/apps/syn/T-2022.03-SP5-1/bin:/home/aed/cadence/Incisive152/tools/bin:/home/lab/usr/synopsys/apps/icc2/icc2/U-2022.12/bin:/home/lab/usr/synopsys/apps/vcs/vcs/S-2021.09-SP2-7/bin:/home/user23/.local/bin:/home/user23/bin
LD_LIBRARY_PATH:  /home/aed/cadence/SPECTRE181/tools.lnx86/giganta/lib/64bit:/home/aed/cadence/SPECTRE181/tools.lnx86/mdl/lib/64bit:/home/aed/cadence/SPECTRE181/tools.lnx86/mmsim/lib/64bit:/home/aed/cadence/SPECTRE181/tools.lnx86/tcltk-8.4.20/lib/64bit:/home/aed/cadence/SPECTRE181/tools.lnx86/inca/lib/64bit:/home/aed/cadence/SPECTRE181/tools.lnx86/spectre/lib/64bit:/home/aed/cadence/SPECTRE181/tools.lnx86/dfII/lib/64bit:/home/aed/cadence/SPECTRE181/tools.lnx86/lib/64bit:/home/aed/cadence/SPECTRE181/tools.lnx86/lib/64bit:/home/aed/cadence/SPECTRE181/tools.lnx86/lib:/home/aed/cadence/IC617/tools/lib:/home/aed/cadence/IC617/share/oa/lib/linux_rhel50_gcc48x_64/opt:/home/aed/cadence/IC617/tools.lnx86/Qt/64bit/lib:/home/aed/cadence/IC617/tools.lnx86/dfII/lib/64bit:/home/aed/cadence/IC617/tools.lnx86/sev/lib/64bit:/home/aed/cadence/IC617/tools.lnx86/lib/64bit:/home/aed/cadence/IC617/tools.lnx86/lib:/home/aed/cadence/IC617/tools.lnx86/hdf5/lib/64bit:/home/aed/cadence/IC617/tools.lnx86/lz4/lib/64bit:/home/aed/cadence/Incisive152/tools.lnx86/lib/64bit
/home/aed/cadence/SPECTRE181/tools.lnx86/spectre/ahdlcmi/bin/gnumake -j8 -f GNUmakefile
Cleaning ./obj/optimize/5.0
rm -f -rf ./obj/optimize/5.0
Compiling C file ns_sar_model_func.c (optimize)
Compiling C file ns_sar_model_DcFuncDerLoad.c (optimize)
Compiling C file ns_sar_model_DcFuncLoad.c (optimize)
/home/aed/cadence/SPECTRE181/tools.lnx86/spectre/ahdlcmi/bin/64bit/ahdlcc 0 /home/aed/cadence/SPECTRE181/tools.lnx86/cdsgcc/gcc/6.3/bin/gcc  -march=k8 -ffast-math  -fno-unsafe-math-optimizations -O3 -m64 -DSYSV -DSVR4 -D_REENTRANT -fPIC   -DconfigSPECTRE -I. -I/home/aed/cadence/SPECTRE181/tools.lnx86/spectre/ahdlcmi/include -c ns_sar_model_func.c -o obj/optimize/5.0/ns_sar_model_func.o || rm -f -f obj/optimize/5.0/ns_sar_model_func.o
/home/aed/cadence/SPECTRE181/tools.lnx86/spectre/ahdlcmi/bin/64bit/ahdlcc 0 /home/aed/cadence/SPECTRE181/tools.lnx86/cdsgcc/gcc/6.3/bin/gcc  -march=k8 -ffast-math  -fno-unsafe-math-optimizations -O3 -m64 -DSYSV -DSVR4 -D_REENTRANT -fPIC   -DconfigSPECTRE -I. -I/home/aed/cadence/SPECTRE181/tools.lnx86/spectre/ahdlcmi/include -c ns_sar_model_DcFuncDerLoad.c -o obj/optimize/5.0/ns_sar_model_DcFuncDerLoad.o || rm -f -f obj/optimize/5.0/ns_sar_model_DcFuncDerLoad.o
/home/aed/cadence/SPECTRE181/tools.lnx86/spectre/ahdlcmi/bin/64bit/ahdlcc 0 /home/aed/cadence/SPECTRE181/tools.lnx86/cdsgcc/gcc/6.3/bin/gcc  -march=k8 -ffast-math  -fno-unsafe-math-optimizations -O3 -m64 -DSYSV -DSVR4 -D_REENTRANT -fPIC   -DconfigSPECTRE -I. -I/home/aed/cadence/SPECTRE181/tools.lnx86/spectre/ahdlcmi/include -c ns_sar_model_DcFuncLoad.c -o obj/optimize/5.0/ns_sar_model_DcFuncLoad.o || rm -f -f obj/optimize/5.0/ns_sar_model_DcFuncLoad.o
Compiling C file ns_sar_model_TranFuncDerLoad.c (optimize)
Compiling C file ns_sar_model_TranFuncLoad.c (optimize)
/home/aed/cadence/SPECTRE181/tools.lnx86/spectre/ahdlcmi/bin/64bit/ahdlcc 0 /home/aed/cadence/SPECTRE181/tools.lnx86/cdsgcc/gcc/6.3/bin/gcc  -march=k8 -ffast-math  -fno-unsafe-math-optimizations -O3 -m64 -DSYSV -DSVR4 -D_REENTRANT -fPIC   -DconfigSPECTRE -I. -I/home/aed/cadence/SPECTRE181/tools.lnx86/spectre/ahdlcmi/include -c ns_sar_model_TranFuncDerLoad.c -o obj/optimize/5.0/ns_sar_model_TranFuncDerLoad.o || rm -f -f obj/optimize/5.0/ns_sar_model_TranFuncDerLoad.o
/home/aed/cadence/SPECTRE181/tools.lnx86/spectre/ahdlcmi/bin/64bit/ahdlcc 0 /home/aed/cadence/SPECTRE181/tools.lnx86/cdsgcc/gcc/6.3/bin/gcc  -march=k8 -ffast-math  -fno-unsafe-math-optimizations -O3 -m64 -DSYSV -DSVR4 -D_REENTRANT -fPIC   -DconfigSPECTRE -I. -I/home/aed/cadence/SPECTRE181/tools.lnx86/spectre/ahdlcmi/include -c ns_sar_model_TranFuncLoad.c -o obj/optimize/5.0/ns_sar_model_TranFuncLoad.o || rm -f -f obj/optimize/5.0/ns_sar_model_TranFuncLoad.o
Compiling C file ns_sar_model_cmi_c.c (optimize)
/home/aed/cadence/SPECTRE181/tools.lnx86/spectre/ahdlcmi/bin/64bit/ahdlcc 0 /home/aed/cadence/SPECTRE181/tools.lnx86/cdsgcc/gcc/6.3/bin/gcc  -march=k8 -ffast-math  -fno-unsafe-math-optimizations -O3 -m64 -DSYSV -DSVR4 -D_REENTRANT -fPIC   -DconfigSPECTRE -I. -I/home/aed/cadence/SPECTRE181/tools.lnx86/spectre/ahdlcmi/include -I/home/aed/cadence/SPECTRE181/tools.lnx86/cmi/include -c ns_sar_model_cmi_c.c -o obj/optimize/5.0/ns_sar_model_cmi_c.o || rm -f -f obj/optimize/5.0/ns_sar_model_cmi_c.o
<stdin>: In function 'ns_sar_model_pPrintDescription':
<stdin>:958:232: warning: implicit declaration of function 'msgWrite' [-Wimplicit-function-declaration]
<stdin>:958:1680: warning: implicit declaration of function 'devGetRFinFreqDomain' [-Wimplicit-function-declaration]
<stdin>: In function 'ns_sar_model_pGetInstanceParams':
<stdin>:973:1591: warning: implicit declaration of function 'devGetInstKnotStatus' [-Wimplicit-function-declaration]
<stdin>: In function 'ns_sar_model_pDC_Load':
<stdin>:990:3000: warning: passing argument 1 of 'aslDevFillZeorDiagonalElemet' makes pointer from integer without a cast [-Wint-conversion]
In file included from <stdin>:24:0:
/home/aed/cadence/SPECTRE181/tools.lnx86/spectre/ahdlcmi/include/ahdlDevLibGlobal.h:2711:33: note: expected 'void *' but argument is of type 'long int'
 ASL_FUNC_DECL_START extern void aslDevFillZeorDiagonalElemet( void *, int, unsigned int, struct ahdlFuncModeParam * );
                                 ^~~~~~~~~~~~~~~~~~~~~~~~~~~~
<stdin>: In function 'ns_sar_model_pCompare':
<stdin>:1044:942: warning: implicit declaration of function 'spReplaceMatrixPointer' [-Wimplicit-function-declaration]
<stdin>:1044:2377: warning: assignment makes integer from pointer without a cast [-Wint-conversion]
<stdin>:1044:2456: warning: passing argument 1 of 'memcpy' makes pointer from integer without a cast [-Wint-conversion]
In file included from /home/aed/cadence/SPECTRE181/tools.lnx86/spectre/ahdlcmi/include/ahdlPiCmi.h:5:0,
                 from /home/aed/cadence/SPECTRE181/tools.lnx86/spectre/ahdlcmi/include/ahdlDevLibGlobal.h:83,
                 from <stdin>:24:
/usr/include/string.h:42:14: note: expected 'void * restrict' but argument is of type 'long int'
 extern void *memcpy (void *__restrict __dest, const void *__restrict __src,
              ^~~~~~
<stdin>:1044:2490: warning: passing argument 2 of 'memcpy' makes pointer from integer without a cast [-Wint-conversion]
In file included from /home/aed/cadence/SPECTRE181/tools.lnx86/spectre/ahdlcmi/include/ahdlPiCmi.h:5:0,
                 from /home/aed/cadence/SPECTRE181/tools.lnx86/spectre/ahdlcmi/include/ahdlDevLibGlobal.h:83,
                 from <stdin>:24:
/usr/include/string.h:42:14: note: expected 'const void * restrict' but argument is of type 'long int'
 extern void *memcpy (void *__restrict __dest, const void *__restrict __src,
              ^~~~~~
<stdin>:1044:2614: warning: assignment makes integer from pointer without a cast [-Wint-conversion]
<stdin>: In function 'ns_sar_model_pGetMatrixPointers':
<stdin>:1050:2392: warning: assignment makes integer from pointer without a cast [-Wint-conversion]
<stdin>: In function 'ns_sar_model_pAnalTranLoad':
<stdin>:1092:0: warning: passing argument 1 of 'aslDevFillZeorDiagonalElemet' makes pointer from integer without a cast [-Wint-conversion]
In file included from <stdin>:24:0:
/home/aed/cadence/SPECTRE181/tools.lnx86/spectre/ahdlcmi/include/ahdlDevLibGlobal.h:2711:33: note: expected 'void *' but argument is of type 'long int'
 ASL_FUNC_DECL_START extern void aslDevFillZeorDiagonalElemet( void *, int, unsigned int, struct ahdlFuncModeParam * );
                                 ^~~~~~~~~~~~~~~~~~~~~~~~~~~~
<stdin>: In function 'ns_sar_model_pSaveRestart':
<stdin>:1118:2069: warning: implicit declaration of function 'mmsThreshSR' [-Wimplicit-function-declaration]
<stdin>:1118:2306: warning: implicit declaration of function 'pklAccessDouble' [-Wimplicit-function-declaration]
<stdin>:1118:2385: warning: passing argument 2 of 'aslDevAvarSR' from incompatible pointer type [-Wincompatible-pointer-types]
In file included from <stdin>:24:0:
/home/aed/cadence/SPECTRE181/tools.lnx86/spectre/ahdlcmi/include/ahdlDevLibGlobal.h:1223:39: note: expected 'struct ahdlAnalogVar *' but argument is of type 'char *'
 ASL_FUNC_DECL_START extern PklError_e aslDevAvarSR( int, struct ahdlAnalogVar *, char *, char *, char *, PklJar_t * );
                                       ^~~~~~~~~~~~
<stdin>: In function 'ns_sar_model_pSaveRestartInst':
<stdin>:1121:2279: warning: passing argument 2 of 'aslDevAvarSR' from incompatible pointer type [-Wincompatible-pointer-types]
In file included from <stdin>:24:0:
/home/aed/cadence/SPECTRE181/tools.lnx86/spectre/ahdlcmi/include/ahdlDevLibGlobal.h:1223:39: note: expected 'struct ahdlAnalogVar *' but argument is of type 'char *'
 ASL_FUNC_DECL_START extern PklError_e aslDevAvarSR( int, struct ahdlAnalogVar *, char *, char *, char *, PklJar_t * );
                                       ^~~~~~~~~~~~
<stdin>: In function 'ahdlns_sar_modelDescInstall':
<stdin>:1212:2128: warning: implicit declaration of function 'descSetSetContrInfoPtr' [-Wimplicit-function-declaration]
<stdin>:1212:2560: warning: implicit declaration of function 'descSetCopySignals' [-Wimplicit-function-declaration]
<stdin>:1212:0: warning: implicit declaration of function 'descSetPrintDescription' [-Wimplicit-function-declaration]
rm -f -rf ns_sar_model_DcFuncLoad.c
rm -f -rf ns_sar_model_DcFuncDerLoad.c
rm -f -rf ns_sar_model_TranFuncDerLoad.c
rm -f -rf ns_sar_model_TranFuncLoad.c
rm -f -rf ns_sar_model_func.c
rm -f -rf ns_sar_model_cmi_c.c
/home/aed/cadence/SPECTRE181/tools.lnx86/cdsgcc/gcc/6.3/bin/gcc -shared -O3 -m64 -fPIC -o obj/optimize/5.0/libahdlcmi_ns_sar_model.so ./obj/optimize/5.0/ns_sar_model_func.o ./obj/optimize/5.0/ns_sar_model_DcFuncDerLoad.o ./obj/optimize/5.0/ns_sar_model_DcFuncLoad.o ./obj/optimize/5.0/ns_sar_model_TranFuncDerLoad.o ./obj/optimize/5.0/ns_sar_model_TranFuncLoad.o ./obj/optimize/5.0/ns_sar_model_cmi_c.o  -Wl,-rpath,/usr/lib -Wl,-rpath,/lib -s 
rm -f -f ./obj/optimize/5.0/ns_sar_model_func.o ./obj/optimize/5.0/ns_sar_model_DcFuncDerLoad.o ./obj/optimize/5.0/ns_sar_model_DcFuncLoad.o ./obj/optimize/5.0/ns_sar_model_TranFuncDerLoad.o ./obj/optimize/5.0/ns_sar_model_TranFuncLoad.o ./obj/optimize/5.0/ns_sar_model_cmi_c.o 
