\o Program:		@(#)$CDS: libManager version 6.1.7 - CAT35 11/10/2016 18:59 (sjfqos810) $
\o Sub version:		sub-version  s030 
\o Arguments:		-mpssession virtuoso31534 -mpshost aed 
\o Working Directory:	aed:/home/user23/NS_SAR_ADC
\o 64-bit offsets
\o Qt version: 		4.8.5
\o Log file is "/home/user23/NS_SAR_ADC/libManager.log".
\o Opening libManager window.
\a nrSetCurrentWindow(cdsLibManager)
\a nrResizeWindow(cdsLibManager list(285 323 1245 693))
\o changeWorkingDir("/home/user23/NS_SAR_ADC") unnecessary.
\o ddSetForcedLib("") unnecessary.
\o MPS service: map window
\o Library Manager customization server connected.
\a cdsLibManager->libListBox->value = "NS_SAR_Analog"
\a cdsLibManager->libLineEdit->value = "NS_SAR_Analog"
\a cdsLibManager->cellListBox->value = "comparator_latch_armstrong"
\a cdsLibManager->cellLineEdit->value = "comparator_latch_armstrong"
\a cdsLibManager->viewListBox->value = "layout"
\a cdsLibManager->viewLineEdit->value = "layout"
\o MPS request: edit design
\a nrListItemAction(cdsLibManager->gdmXTView 2 0)
\a nrSetCurrentWindow(cdsLibManager)
\a nrSetCurrentWindow(cdsLibManager)
\a nrSetCurrentWindow(cdsLibManager)
\a nrSetCurrentWindow(cdsLibManager)
\a nrSetCurrentWindow(cdsLibManager)
\a cdsLibManager->viewListBox->value = nil
\a cdsLibManager->viewLineEdit->value = ""
\a cdsLibManager->viewListBox->value = "layout"
\a cdsLibManager->viewLineEdit->value = "layout"
\o MPS request: edit design
\a nrListItemAction(cdsLibManager->gdmXTView 2 0)
\a nrSetCurrentWindow(cdsLibManager)
\a nrSetCurrentWindow(cdsLibManager)
\a nrSetCurrentWindow(cdsLibManager)
\a nrSetCurrentWindow(cdsLibManager)
\a nrSetCurrentWindow(cdsLibManager)
\a cdsLibManager->cellListBox->value = "comparator"
\a cdsLibManager->cellLineEdit->value = "comparator"
\a cdsLibManager->viewLineEdit->value = ""
\a cdsLibManager->viewListBox->value = nil
\a cdsLibManager->viewListBox->value = "layout"
\a cdsLibManager->viewLineEdit->value = "layout"
\a cdsLibManager->viewListBox->value = nil
\a cdsLibManager->viewLineEdit->value = ""
\a cdsLibManager->viewListBox->value = "layout"
\a cdsLibManager->viewLineEdit->value = "layout"
\o MPS request: edit design
\a nrListItemAction(cdsLibManager->gdmXTView 1 0)
\a nrSetCurrentWindow(cdsLibManager)
\a nrSetCurrentWindow(cdsLibManager)
\a cdsLibManager->libListBox->value = "NS_SAR_Digital"
\a cdsLibManager->cellListBox->value = nil
\a cdsLibManager->viewListBox->value = nil
\a cdsLibManager->viewLineEdit->value = ""
\a cdsLibManager->libLineEdit->value = "NS_SAR_Digital"
\a cdsLibManager->cellLineEdit->value = ""
\a cdsLibManager->cellListBox->value = "controller"
\a cdsLibManager->cellLineEdit->value = "controller"
\a cdsLibManager->viewListBox->value = "layout"
\a cdsLibManager->viewLineEdit->value = "layout"
\a cdsLibManager->viewListBox->value = "functional"
\a cdsLibManager->viewLineEdit->value = "functional"
\a cdsLibManager->viewListBox->value = nil
\a cdsLibManager->viewLineEdit->value = ""
\a cdsLibManager->viewListBox->value = "functional"
\a cdsLibManager->viewLineEdit->value = "functional"
\o MPS request: edit design
\a nrListItemAction(cdsLibManager->gdmXTView 1 0)
\a nrSetCurrentWindow(cdsLibManager)
\a nrSetCurrentWindow(cdsLibManager)
\a cdsLibManager->libListBox->value = nil
\a cdsLibManager->libLineEdit->value = ""
\a cdsLibManager->cellLineEdit->value = ""
\a cdsLibManager->viewLineEdit->value = ""
\a cdsLibManager->cellListBox->value = nil
\a cdsLibManager->viewListBox->value = nil
\a cdsLibManager->libListBox->value = "NS_SAR_Digital"
\a cdsLibManager->libLineEdit->value = "NS_SAR_Digital"
\a cdsLibManager->cellListBox->value = "controller"
\a cdsLibManager->cellLineEdit->value = "controller"
\a cdsLibManager->viewListBox->value = "functional"
\a cdsLibManager->viewLineEdit->value = "functional"
\a cdsLibManager->viewLineEdit->value = ""
\a cdsLibManager->viewListBox->value = nil
\a cdsLibManager->viewListBox->value = "functional"
\a cdsLibManager->viewLineEdit->value = "functional"
\a cdsLibManager->libListBox->value = nil
\a cdsLibManager->libLineEdit->value = ""
\a cdsLibManager->cellLineEdit->value = ""
\a cdsLibManager->viewLineEdit->value = ""
\a cdsLibManager->cellListBox->value = nil
\a cdsLibManager->viewListBox->value = nil
\a cdsLibManager->libListBox->value = "NS_SAR_Digital"
\a cdsLibManager->libLineEdit->value = "NS_SAR_Digital"
\a cdsLibManager->cellListBox->value = "controller"
\a cdsLibManager->cellLineEdit->value = "controller"
\a cdsLibManager->viewListBox->value = "functional"
\a cdsLibManager->viewLineEdit->value = "functional"
\a cdsLibManager->viewLineEdit->value = ""
\a cdsLibManager->viewListBox->value = nil
\a cdsLibManager->viewListBox->value = "functional"
\a cdsLibManager->viewLineEdit->value = "functional"
\a nrSetCurrentWindow(cdsLibManager)
\a cdsLibManager->libListBox->value = nil
\a cdsLibManager->libLineEdit->value = ""
\a cdsLibManager->cellLineEdit->value = ""
\a cdsLibManager->viewLineEdit->value = ""
\a cdsLibManager->cellListBox->value = nil
\a cdsLibManager->viewListBox->value = nil
\a cdsLibManager->libListBox->value = "NS_SAR_Digital"
\a cdsLibManager->libLineEdit->value = "NS_SAR_Digital"
\a cdsLibManager->cellListBox->value = "controller"
\a cdsLibManager->cellLineEdit->value = "controller"
\a cdsLibManager->viewListBox->value = "functional"
\a cdsLibManager->viewLineEdit->value = "functional"
\a cdsLibManager->viewLineEdit->value = ""
\a cdsLibManager->viewListBox->value = nil
\a cdsLibManager->viewListBox->value = "functional"
\a cdsLibManager->viewLineEdit->value = "functional"
\a cdsLibManager->libListBox->value = nil
\a cdsLibManager->libLineEdit->value = ""
\a cdsLibManager->cellLineEdit->value = ""
\a cdsLibManager->viewLineEdit->value = ""
\a cdsLibManager->cellListBox->value = nil
\a cdsLibManager->viewListBox->value = nil
\a cdsLibManager->libListBox->value = "NS_SAR_Digital"
\a cdsLibManager->libLineEdit->value = "NS_SAR_Digital"
\a cdsLibManager->cellListBox->value = "controller"
\a cdsLibManager->cellLineEdit->value = "controller"
\a cdsLibManager->viewListBox->value = "functional"
\a cdsLibManager->viewLineEdit->value = "functional"
\a cdsLibManager->viewLineEdit->value = ""
\a cdsLibManager->viewListBox->value = nil
\a cdsLibManager->viewListBox->value = "functional"
\a cdsLibManager->viewLineEdit->value = "functional"
\a cdsLibManager->libListBox->value = nil
\a cdsLibManager->libLineEdit->value = ""
\a cdsLibManager->cellLineEdit->value = ""
\a cdsLibManager->viewLineEdit->value = ""
\a cdsLibManager->cellListBox->value = nil
\a cdsLibManager->viewListBox->value = nil
\a cdsLibManager->libListBox->value = "NS_SAR_Digital"
\a cdsLibManager->libLineEdit->value = "NS_SAR_Digital"
\a cdsLibManager->cellListBox->value = "controller"
\a cdsLibManager->cellLineEdit->value = "controller"
\a cdsLibManager->viewListBox->value = "functional"
\a cdsLibManager->viewLineEdit->value = "functional"
\a cdsLibManager->viewLineEdit->value = ""
\a cdsLibManager->viewListBox->value = nil
\a cdsLibManager->viewListBox->value = "functional"
\a cdsLibManager->viewLineEdit->value = "functional"
\a cdsLibManager->libListBox->value = nil
\a cdsLibManager->libLineEdit->value = ""
\a cdsLibManager->cellLineEdit->value = ""
\a cdsLibManager->viewLineEdit->value = ""
\a cdsLibManager->cellListBox->value = nil
\a cdsLibManager->viewListBox->value = nil
\a cdsLibManager->libListBox->value = "NS_SAR_Digital"
\a cdsLibManager->libLineEdit->value = "NS_SAR_Digital"
\a cdsLibManager->cellListBox->value = "controller"
\a cdsLibManager->cellLineEdit->value = "controller"
\a cdsLibManager->viewListBox->value = "functional"
\a cdsLibManager->viewLineEdit->value = "functional"
\a cdsLibManager->viewLineEdit->value = ""
\a cdsLibManager->viewListBox->value = nil
\a cdsLibManager->viewListBox->value = "functional"
\a cdsLibManager->viewLineEdit->value = "functional"
\a cdsLibManager->libListBox->value = nil
\a cdsLibManager->libLineEdit->value = ""
\a cdsLibManager->cellLineEdit->value = ""
\a cdsLibManager->viewLineEdit->value = ""
\a cdsLibManager->cellListBox->value = nil
\a cdsLibManager->viewListBox->value = nil
\a cdsLibManager->libListBox->value = "NS_SAR_Digital"
\a cdsLibManager->libLineEdit->value = "NS_SAR_Digital"
\a cdsLibManager->cellListBox->value = "controller"
\a cdsLibManager->cellLineEdit->value = "controller"
\a cdsLibManager->viewListBox->value = "functional"
\a cdsLibManager->viewLineEdit->value = "functional"
\a cdsLibManager->viewLineEdit->value = ""
\a cdsLibManager->viewListBox->value = nil
\a cdsLibManager->viewListBox->value = "functional"
\a cdsLibManager->viewLineEdit->value = "functional"
\a cdsLibManager->libListBox->value = nil
\a cdsLibManager->libLineEdit->value = ""
\a cdsLibManager->cellLineEdit->value = ""
\a cdsLibManager->viewLineEdit->value = ""
\a cdsLibManager->cellListBox->value = nil
\a cdsLibManager->viewListBox->value = nil
\a cdsLibManager->libListBox->value = "NS_SAR_Digital"
\a cdsLibManager->libLineEdit->value = "NS_SAR_Digital"
\a cdsLibManager->cellListBox->value = "controller"
\a cdsLibManager->cellLineEdit->value = "controller"
\a cdsLibManager->viewListBox->value = "functional"
\a cdsLibManager->viewLineEdit->value = "functional"
\a cdsLibManager->viewLineEdit->value = ""
\a cdsLibManager->viewListBox->value = nil
\a cdsLibManager->viewListBox->value = "functional"
\a cdsLibManager->viewLineEdit->value = "functional"
\a cdsLibManager->libListBox->value = nil
\a cdsLibManager->libLineEdit->value = ""
\a cdsLibManager->cellLineEdit->value = ""
\a cdsLibManager->viewLineEdit->value = ""
\a cdsLibManager->cellListBox->value = nil
\a cdsLibManager->viewListBox->value = nil
\a cdsLibManager->libListBox->value = "NS_SAR_Digital"
\a cdsLibManager->libLineEdit->value = "NS_SAR_Digital"
\a cdsLibManager->cellListBox->value = "controller"
\a cdsLibManager->cellLineEdit->value = "controller"
\a cdsLibManager->viewListBox->value = "functional"
\a cdsLibManager->viewLineEdit->value = "functional"
\a cdsLibManager->viewLineEdit->value = ""
\a cdsLibManager->viewListBox->value = nil
\a cdsLibManager->viewListBox->value = "functional"
\a cdsLibManager->viewLineEdit->value = "functional"
\a cdsLibManager->libListBox->value = nil
\a cdsLibManager->libLineEdit->value = ""
\a cdsLibManager->cellLineEdit->value = ""
\a cdsLibManager->viewLineEdit->value = ""
\a cdsLibManager->cellListBox->value = nil
\a cdsLibManager->viewListBox->value = nil
\a cdsLibManager->libListBox->value = "NS_SAR_Digital"
\a cdsLibManager->libLineEdit->value = "NS_SAR_Digital"
\a cdsLibManager->cellListBox->value = "controller"
\a cdsLibManager->cellLineEdit->value = "controller"
\a cdsLibManager->viewListBox->value = "functional"
\a cdsLibManager->viewLineEdit->value = "functional"
\a cdsLibManager->viewLineEdit->value = ""
\a cdsLibManager->viewListBox->value = nil
\a cdsLibManager->viewListBox->value = "functional"
\a cdsLibManager->viewLineEdit->value = "functional"
