Virtuoso Framework License (111) was checked out successfully. Total checkout time was 0.01s.
********************************************************************************
Product   : Virtuoso(R) XStream Out
Program   : @(#)$CDS: strmout version 6.1.7-64b 12/01/2016 05:40 (sjfhw306) $
          : sub-version  IC6.1.7-64b.500.8 
Started at: 11-Jul-2026  00:45:56
User Name : user22
Host Name : aed
Directory : /home/user22
CADENCE Design Systems, Inc.
********************************************************************************
Info: Cellview Rev Num:99,  Tech Rev Num:59

Loading sky130_fd_pr_main/libInit.il ...
	Loading sky130_fd_pr_main/loadCxt.ile ... done!
	Loading context 'sky130_fd_pr_main' from library 'sky130_fd_pr_main' ... done!
	Loading context 'pdkUtils' from library 'sky130_fd_pr_main' ... done!
	Loading sky130_fd_pr_main/libInitCktPro.il ... done!
	Loading sky130_fd_pr_main/libInitCustomExit.il ... 	Loading Environment Settings ...
done!
Loaded sky130_fd_pr_main/libInit.il successfully!
WARNING (XSTRM-20): Output Stream file '/home/user22/NS_SAR_ADC/libraries/NS_SAR_Analog/comparator_latch_armstrong/DRC/comparator_latch_armstrong.gds' already exists. It will be overwritten.
INFO (XSTRM-217): Reading the layer map file, /home/user22/sky130_pdk/sky130_release_0.1.0/libs/sky130_fd_pr_main/sky130_fd_pr_main.layermap
INFO (XSTRM-162): You have not used the viaMap option. If the OpenAccess design has native oaVia instances, use the -viaMap option for preserving oaVia instances in a Stream Out - Stream In round trip. Using the -viaMap option improves performance and VM usage of applications using the Streamed-In design.  For details on the viaMap option, refer to the "Design Data Translator's Reference" guide for XStream.

Summary of Options :
library                                 NS_SAR_Analog
strmFile                                /home/user22/NS_SAR_ADC/libraries/NS_SAR_Analog/comparator_latch_armstrong/DRC/comparator_latch_armstrong.gds
topCell                                 comparator_latch_armstrong
view                                    layout
runDir                                  /home/user22/NS_SAR_ADC/libraries/NS_SAR_Analog/comparator_latch_armstrong/DRC
logFile                                 /home/user22/NS_SAR_ADC/libraries/NS_SAR_Analog/comparator_latch_armstrong/DRC/PIPO1.LOG
techLib                                 NS_SAR_Analog
hierDepth                               32
maxVertices                             2048
layerMap                                 /home/user22/sky130_pdk/sky130_release_0.1.0/libs/sky130_fd_pr_main/sky130_fd_pr_main.layermap
userSkillFile                           /home/user22/NS_SAR_ADC/libraries/NS_SAR_Analog/comparator_latch_armstrong/DRC/strmout.il
labelDepth                              32
case                                    Preserve
convertDot                              node

INFO (XSTRM-223): 1. Translating cellView sky130_fd_pr_main/M1M2_C/layout as STRUCTURE M1M2_C$$1.
INFO (XSTRM-223): 2. Translating cellView sky130_fd_pr_main/M1M2_C/layout as STRUCTURE M1M2_C$$2.
INFO (XSTRM-223): 3. Translating cellView sky130_fd_pr_main/polyConn/layout as STRUCTURE polyConn$$3.
INFO (XSTRM-223): 4. Translating cellView sky130_fd_pr_main/M1M2_C/layout as STRUCTURE M1M2_C$$4.
INFO (XSTRM-223): 5. Translating cellView sky130_fd_pr_main/M1M2_C/layout as STRUCTURE M1M2_C$$5.
INFO (XSTRM-223): 6. Translating cellView sky130_fd_pr_main/pfet_01v8/layout as STRUCTURE pfet_01v8$$6.
INFO (XSTRM-223): 7. Translating cellView sky130_fd_pr_main/pfet_01v8/layout as STRUCTURE pfet_01v8$$7.
INFO (XSTRM-223): 8. Translating cellView sky130_fd_pr_main/nfet_01v8/layout as STRUCTURE nfet_01v8$$8.
INFO (XSTRM-223): 9. Translating cellView NS_SAR_Analog/comparator_latch_armstrong/layout as STRUCTURE comparator_latch_armstrong.
INFO (XSTRM-180): You have not used the objectMap option. The design has instance(s) of at least one of following OpenAccess objects: oaBlockage, oaBoundary, oaRow, and oaMarker. Any information about these objects will not be translated into the generated stream file. Use the objectMap option to translate/preserve these objects using XStream. For details on the objectMap option, refer to the "Design Data Translator's Reference" guide for XStream.

Summary of Objects Translated:
	Scalar Instances:                       24
	Array Instances:                        0
	Polygons:                               0
	Paths:                                  4
	Rectangles:                             256
	Lines:                                  0
	Arcs:                                   0
	Donuts:                                 0
	Dots:                                   0
	Ellipses:                               0
	Boundaries:                             0
	Area Blockages:                         0
	Layer Blockages:                        0
	Area Halos:                             0
	Markers:                                0
	Rows:                                   0
	Standard Vias                           21
	Custom Vias:                            6
	CdsGen Vias:                            0
	Pathsegs:                               73
	Text:                                   0
	TextDisplay:                            0
	Cells:                                  9

Elapsed Time: 0.1s   User Time: 0.1s   CPU Time: 0.0s   Peak VM: 7112KB
INFO (XSTRM-234): Translation completed. '0' error(s) and '1' warning(s) found.
