============================================================
  Generated by:           Genus(TM) Synthesis Solution 18.10-p003_1
  Generated on:           Aug 07 2026  06:58:42 am
  Module:                 gate_driver
  Operating conditions:   tt_1.8_25 (balanced_tree)
  Wireload mode:          enclosed
  Area mode:              timing library
============================================================

                            
  Gate    Instances   Area        Library       
------------------------------------------------
CLKINVX2          1   5.713    sky130_tt_1.8_25 
INVX2             3  17.139    sky130_tt_1.8_25 
NAND2X1           2  15.236    sky130_tt_1.8_25 
NOR2X2            1  11.426    sky130_tt_1.8_25 
------------------------------------------------
total             7  49.514                     


                                       
     Type      Instances  Area  Area % 
---------------------------------------
inverter               4 22.852   46.2 
logic                  3 26.662   53.8 
physical_cells         0  0.000    0.0 
---------------------------------------
total                  7 49.514  100.0 

