============================================================
  Generated by:           Genus(TM) Synthesis Solution 18.10-p003_1
  Generated on:           Aug 07 2026  06:58:42 am
  Module:                 gate_driver
  Operating conditions:   tt_1.8_25 (balanced_tree)
  Wireload mode:          enclosed
  Area mode:              timing library
============================================================

Timing
--------

Clock  Period 
--------------
vclk  10000.0 


  Cost    Critical         Violating 
 Group   Path Slack  TNS     Paths   
-------------------------------------
default    No paths   0.0            
vclk         7466.3   0.0          0 
-------------------------------------
Total                 0.0          0 

Instance Count
--------------
Leaf Instance Count             7 
Physical Instance count         0 
Sequential Instance Count       0 
Combinational Instance Count    7 
Hierarchical Instance Count     0 

Area
----
Cell Area                          49.514
Physical Cell Area                 0.000
Total Cell Area (Cell+Physical)    49.514
Net Area                           0.000
Total Area (Cell+Physical+Net)     49.514

Max Fanout                         3 (VREF)
Min Fanout                         1 (n_0)
Average Fanout                     1.8
Terms to net ratio                 1.8889
Terms to instance ratio            2.4286
Runtime                            5.998022 seconds
Elapsed Runtime                    6 seconds
Genus peak memory usage            762.27 
Innovus peak memory usage          no_value 
Hostname                           aed
