============================================================
  Generated by:           Genus(TM) Synthesis Solution 18.10-p003_1
  Generated on:           Aug 07 2026  06:58:42 am
  Module:                 gate_driver
  Operating conditions:   tt_1.8_25 (balanced_tree)
  Wireload mode:          enclosed
  Area mode:              timing library
============================================================


Path 1: MET (7466 ps) Late External Delay Assertion at pin SEL_VREF_P
          Group: vclk
     Startpoint: (F) SAMPLE
          Clock: (R) vclk
       Endpoint: (R) SEL_VREF_P
          Clock: (R) vclk

                     Capture       Launch     
        Clock Edge:+   10000            0     
        Drv Adjust:+       0            0     
       Src Latency:+       0            0     
       Net Latency:+       0 (I)        0 (I) 
           Arrival:=   10000            0     
                                              
      Output Delay:-    1000                  
     Required Time:=    9000                  
      Launch Clock:-       0                  
       Input Delay:-    1000                  
         Data Path:-     534                  
             Slack:=    7466                  

Exceptions/Constraints:
  input_delay              1000            constraints.sdc_line_2     
  output_delay             1000            constraints.sdc_line_3_3_1 

#---------------------------------------------------------------------------------------
# Timing Point   Flags   Arc   Edge   Cell     Fanout Load Trans Delay Arrival Instance 
#                                                     (fF)  (ps)  (ps)   (ps)  Location 
#---------------------------------------------------------------------------------------
  SAMPLE         -       -     F     (arrival)      3 14.1     0     0    1000    (-,-) 
  g137/Y         -       A->Y  R     INVX2          1  3.0    17    18    1018    (-,-) 
  g132__8780/Y   -       B->Y  F     NAND2X1        2 55.6   314   249    1267    (-,-) 
  g131/Y         -       A->Y  R     INVX2          1 50.0   222   267    1534    (-,-) 
  SEL_VREF_P     <<<     -     R     (port)         -    -     -     0    1534    (-,-) 
#---------------------------------------------------------------------------------------

